b'<html>

<head>

    <meta charset="UTF-8">

    <title>Todo</title>

</head>

<body>



<p>

<h2> Rien \xc3\xa0 faire </h2>

</p>



<div>

Ajouter une t\xc3\xa2che

<form action="/todo/my_todolist/item?" method="post">

    <input type="text" name="task_name">

    <input type="submit" value="Add item">

</form>

</div>



Red\xc3\xa9marrer l\'algo

<form action="/todo/my_todolist/reset?" method="post">

    <input type="submit" value="Reset">

</form>



Il y a xxxx_number_of_items t\xc3\xa2ches en attente.





<h2> Contexte </h2>

<form action="/todo/my_todolist" method="get">

<ul>

<li> <a href="/todo/my_todolist">Supprimer les filtres</a></li>

<li> #context_1 : 5 </li>

    <input type="checkbox" name="include_context" value="#context_1" > Inclure

    <input type="checkbox" name="exclude_context" value="#context_1" > Exclure

<li> #context_2 : 10 </li>

    <input type="checkbox" name="include_context" value="#context_2" > Inclure

    <input type="checkbox" name="exclude_context" value="#context_2" > Exclure

</ul>

    <input type="submit" value="Filtrer">

</form>



<ul>

<li><a href="/todo/my_todolist/export">Exporter les t\xc3\xa2ches</a></li>

<li><a href="/todo/my_todolist/import">Importer des t\xc3\xa2ches</a></li>

</ul>







</body>

</html>'
