b'<html>

<head>

    <meta charset="UTF-8">

    <title>Todo</title>

</head>

<body>



<p>

    <div>

    <h2> buy the milk </h2> <a href="/todo/my_todolist/item/00000000-0000-0000-0000-000000000001/reword?">Renommer</a>

    </div>

<form action="/todo/my_todolist/item/choose/00000000-0000-0000-0000-000000000001/ignore/00000000-0000-0000-0000-000000000002?" method="post">

    <input type="submit" value="Choisir cette t\xc3\xa2che">

</form>



<form action="/todo/my_todolist/item/00000000-0000-0000-0000-000000000001/cancel_priority?" method="post">

    <input type="submit" value="Cette t\xc3\xa2che n\'est plus prioritaire">

</form>



<form action="/todo/my_todolist/item/00000000-0000-0000-0000-000000000001/close?" method="post">

    <input type="submit" value="C\'est fait">

</form>

</p>



<p>

    <div>

    <h2> buy the water </h2> <a href="/todo/my_todolist/item/00000000-0000-0000-0000-000000000002/reword?">Renommer</a>

    </div>

<form action="/todo/my_todolist/item/choose/00000000-0000-0000-0000-000000000002/ignore/00000000-0000-0000-0000-000000000001?" method="post">

    <input type="submit" value="Choisir cette t\xc3\xa2che">

</form>



<form action="/todo/my_todolist/item/00000000-0000-0000-0000-000000000002/close?" method="post">

    <input type="submit" value="C\'est fait">

</form>

</p>









<div>

Ajouter une t\xc3\xa2che

<form action="/todo/my_todolist/item?" method="post">

    <input type="text" name="task_name">

    <input type="submit" value="Add item">

</form>

</div>



Red\xc3\xa9marrer l\'algo

<form action="/todo/my_todolist/reset?" method="post">

    <input type="submit" value="Reset">

</form>



Il y a xxxx_number_of_items t\xc3\xa2ches en attente.





<h2> Contexte </h2>

<form action="/todo/my_todolist" method="get">

<ul>

<li> <a href="/todo/my_todolist?only_inbox=1">Inbox</a></li>

<li> #context_1 : 5 </li>

    <input type="checkbox" name="include_context" value="#context_1" > Inclure

    <input type="checkbox" name="exclude_context" value="#context_1" > Exclure

<li> #context_2 : 10 </li>

    <input type="checkbox" name="include_context" value="#context_2" > Inclure

    <input type="checkbox" name="exclude_context" value="#context_2" > Exclure

</ul>

    <input type="submit" value="Filtrer">

</form>



<ul>

<li><a href="/todo/my_todolist/export">Exporter les t\xc3\xa2ches</a></li>

<li><a href="/todo/my_todolist/import">Importer des t\xc3\xa2ches</a></li>

</ul>







</body>

</html>'
