b'<html>

<head>

    <title>Todo</title>

</head>

<body>



<a href="/todo/Jonathan">Jonathan</a>

<ul>

        <li><a href="/todo/my_created_todolist">my_created_todolist</a></li>

</ul>





Cr\xc3\xa9er une todolist

<form action="/todo" method="post">

    <input type="text" name="name" value="">

    <input type="submit" value="create">

</form>

</body>

</html>'
