<class 'src.hexagon.fvp.write.reset_fvp_session.ResetFvpSession'>: ResourceType.use_case => <class 'src.hexagon.fvp.write.reset_fvp_session.ResetFvpSession'>
<class 'src.hexagon.fvp.write.cancel_priority.CancelPriority'>: ResourceType.use_case => <class 'src.hexagon.fvp.write.cancel_priority.CancelPriority'>
<class 'src.hexagon.fvp.write.choose_and_ignore_task.ChooseAndIgnoreTaskFvp'>: ResourceType.use_case => <class 'src.hexagon.fvp.write.choose_and_ignore_task.ChooseAndIgnoreTaskFvp'>
<class 'src.hexagon.todolist.write.create_todolist.TodolistCreate'>: ResourceType.use_case => <class 'src.hexagon.todolist.write.create_todolist.TodolistCreate'>
<class 'src.hexagon.todolist.write.open_task.OpenTaskUseCase'>: ResourceType.use_case => <class 'src.hexagon.todolist.write.open_task.OpenTaskUseCase'>
<class 'src.hexagon.todolist.write.close_task.CloseTask'>: ResourceType.use_case => <class 'src.hexagon.todolist.write.close_task.CloseTask'>
<class 'src.hexagon.todolist.write.reword_task.RewordTask'>: ResourceType.use_case => <class 'src.hexagon.todolist.write.reword_task.RewordTask'>
<class 'src.hexagon.todolist.write.import_many_task.ImportManyTask'>: ResourceType.use_case => <class 'src.hexagon.todolist.write.import_many_task.ImportManyTask'>
<class 'src.hexagon.fvp.read.which_task.WhichTaskQuery'>: ResourceType.use_case => <class 'src.hexagon.fvp.read.which_task.WhichTaskQuery'>
<class 'src.hexagon.todolist.write.postpone_task.PostPoneTask'>: ResourceType.use_case => <class 'src.hexagon.todolist.write.postpone_task.PostPoneTask'>
<class 'src.hexagon.todolist.port.TodolistSetPort'>: ResourceType.adapter => <class 'src.secondary.todolist.todolist_set.todolist_set_in_memory.TodolistSetInMemory'>
<class 'src.hexagon.fvp.read.which_task.TodolistPort'>: ResourceType.adapter => <class 'src.secondary.fvp.read.which_task.todolist_memory.TodolistInMemory'>
<class 'src.primary.controller.read.todolist.TodolistSetReadPort'>: ResourceType.adapter => <class 'src.secondary.todolist.todolist_set_read.todolist_set_read_memory.TodolistSetReadInMemory'>
<class 'src.hexagon.fvp.aggregate.FvpSessionSetPort'>: ResourceType.adapter => <class 'src.secondary.fvp.write.fvp_session_set_in_memory.FvpSessionSetInMemory'>
<class 'src.infra.memory.Memory'>: ResourceType.infrastructure => <class 'src.infra.memory.Memory'>
<class 'src.infra.fvp_memory.FvpMemory'>: ResourceType.infrastructure => <class 'src.infra.fvp_memory.FvpMemory'>
<class 'src.hexagon.todolist.port.TaskKeyGeneratorPort'>: ResourceType.adapter => <class 'src.secondary.todolist.task_key_generator_random.TaskKeyGeneratorRandom'>
<class 'src.primary.controller.write.todolist.DateTimeProviderPort'>: ResourceType.adapter => <class 'src.secondary.datetime_provider.DateTimeProvider'>
<class 'src.primary.controller.read.final_version_perfected.CalendarPort'>: ResourceType.adapter => <class 'src.secondary.calendar.Calendar'>
static_path: ResourceType.path => <class 'pathlib.WindowsPath'>
user_key: ResourceType.data => <class 'str'>
