b'<html>

<head>

    <meta charset="UTF-8">

    <title>Todo</title>

</head>

<body>



<p>

    <div>

    <h2> buy the milk </h2> <a href="/todo/my_todolist/item/1/reword?xxxx_query_string">Renommer</a>

    </div>

<form action="/todo/my_todolist/item/choose/1/ignore/2?xxxx_query_string" method="post">

    <input type="submit" value="Choisir cette t\xc3\xa2che">

</form>



<form action="/todo/my_todolist/item/1/close?xxxx_query_string" method="post">

    <input type="submit" value="C\'est fait">

</form>

</p>



<p>

    <div>

    <h2> buy the water </h2> <a href="/todo/my_todolist/item/2/reword?xxxx_query_string">Renommer</a>

    </div>

<form action="/todo/my_todolist/item/choose/2/ignore/1?xxxx_query_string" method="post">

    <input type="submit" value="Choisir cette t\xc3\xa2che">

</form>



<form action="/todo/my_todolist/item/2/close?xxxx_query_string" method="post">

    <input type="submit" value="C\'est fait">

</form>

</p>









<div>

Ajouter une t\xc3\xa2che

<form action="/todo/my_todolist/item?xxxx_query_string" method="post">

    <input type="text" name="task_name">

    <input type="submit" value="Add item">

</form>

</div>



Red\xc3\xa9marrer l\'algo

<form action="/todo/my_todolist/reset?xxxx_query_string" method="post">

    <input type="submit" value="Reset">

</form>



Il y a xxxx_number_of_items t\xc3\xa2ches en attente.





<h2> Contexte </h2>

<ul>

<li> <a href="/todo/my_todolist?only_inbox=1">Inbox</a></li>

<li> <a href="/todo/my_todolist?context=xxxx1">xxxx1</a> : xxxx2 </li>

</ul>





<ul>

<li><a href="/todo/my_todolist/export">Exporter les t\xc3\xa2ches</a></li>

<li><a href="/todo/my_todolist/import">Importer des t\xc3\xa2ches</a></li>

</ul>







</body>

</html>'
