// Vitest Snapshot v1, https://vitest.dev/guide/snapshot.html

exports[`Todolist > should return the list of tasks 1`] = `
[
  {
    "id": 7,
    "name": "#context3",
  },
  {
    "id": 8,
    "name": "Une autre t√¢che #toto",
  },
]
`;
