b'{"fvpTasks": [{"id": 1, "name": "buy the milk"}, {"id": 2, "name": "clean the table"}]}'
