b'<html>

<head>

    <meta charset="UTF-8">

    <title>Todo</title>

</head>

<body>



<p>

    <div>

    <h2> reworded </h2> <a href="/todo/todolist/item/00000000-0000-0000-0000-000000000001/reword?xxxx_query_string">Renommer</a>

    </div>

    <form action="/todo/todolist/item/00000000-0000-0000-0000-000000000001/close?xxxx_query_string" method="post">

    <input type="submit" value="C\'est fait">

    </form>

</p>







<div>

Ajouter une t\xc3\xa2che

<form action="/todo/todolist/item?xxxx_query_string" method="post">

    <input type="text" name="task_name">

    <input type="submit" value="Add item">

</form>

</div>



Red\xc3\xa9marrer l\'algo

<form action="/todo/todolist/reset?xxxx_query_string" method="post">

    <input type="submit" value="Reset">

</form>



Il y a xxxx_number_of_items t\xc3\xa2ches en attente.





<h2> Contexte </h2>

<ul>

<li> <a href="/todo/todolist?only_inbox=1">Inbox</a></li>

<li> <a href="/todo/todolist?context=xxxx1">xxxx1</a> : xxxx2 </li>

</ul>





<ul>

<li><a href="/todo/todolist/export">Exporter les t\xc3\xa2ches</a></li>

<li><a href="/todo/todolist/import">Importer des t\xc3\xa2ches</a></li>

</ul>







</body>

</html>'
