{"my_todolist": {"name": "my_todolist", "key": "value"}}
