{"todolist 1": {"name": "todolist 1", "key": "value"}, "todolist 2": {"name": "todolist 2", "key": "value"}}
