{"my_todolist": {"name": "my_todolist", "tasks": [{"key": 1, "name": "buy milk", "is_open": true}]}}
