{"todolist_1": {"name": "todolist_1", "tasks": [{"key": "00000000-0000-0000-0000-000000000001", "name": "buy milk", "is_open": true}, {"key": "00000000-0000-0000-0000-000000000002", "name": "buy water", "is_open": false}]}, "todolist_2": {"name": "todolist_2", "tasks": [{"key": "00000000-0000-0000-0000-000000000001", "name": "buy eggs", "is_open": false}, {"key": "00000000-0000-0000-0000-000000000005", "name": "buy bread", "is_open": true}]}}
