b'<html>

<head>

    <meta charset="UTF-8">

    <title>Todo</title>

</head>

<body>

<div><a href="/todo/todolist/calendar?">Calendrier</a></div>



<p>

<textarea rows="10" cols="80" readonly>- [ ] buy milk\n- [ ] buy water</textarea>



</p>



<div>

Ajouter une t\xc3\xa2che

<form action="/todo/todolist/item?" method="post">

    <input type="text" name="task_name">

    <input type="submit" value="Add item">

</form>

</div>



Red\xc3\xa9marrer l\'algo

<form action="/todo/todolist/reset?" method="post">

    <input type="submit" value="Reset">

</form>



Il y a xxxx_number_of_items t\xc3\xa2ches en attente.





<h2> Contexte </h2>

<form action="/todo/todolist" method="get">

<ul>

<li> <a href="/todo/todolist">Supprimer les filtres</a></li>

</ul>

    <input type="submit" value="Filtrer">

</form>



<ul>

<li><a href="/todo/todolist/export">Exporter les t\xc3\xa2ches</a></li>

<li><a href="/todo/todolist/import">Importer des t\xc3\xa2ches</a></li>

</ul>







</body>

</html>'
